apiVersion: multicluster.istio.io/v1alpha1
kind: RemoteServiceBinding
metadata:
  creationTimestamp: null
  labels:
    connection: live
  name: cluster-b-services
  namespace: default
spec:
  remote:
  - cluster: cluster-b
    services:
    - alias: reviews
      name: reviews
      port: 9080
